C:\gui-guider-tutorial\evkmimxrt1170_lvgl_guider_cm7\CMSIS/core_cm7.h:1911:22:__NVIC_EnableIRQ	16	static
C:\gui-guider-tutorial\evkmimxrt1170_lvgl_guider_cm7\CMSIS/core_cm7.h:2002:22:__NVIC_ClearPendingIRQ	16	static
C:\gui-guider-tutorial\evkmimxrt1170_lvgl_guider_cm7\CMSIS/core_cm7.h:2041:22:__NVIC_SetPriority	16	static
C:\gui-guider-tutorial\evkmimxrt1170_lvgl_guider_cm7\drivers/fsl_clock.h:2071:24:CLOCK_GetRootClockMux	16	static
C:\gui-guider-tutorial\evkmimxrt1170_lvgl_guider_cm7\drivers/fsl_clock.h:2112:24:CLOCK_GetRootClockDiv	16	static
C:\gui-guider-tutorial\evkmimxrt1170_lvgl_guider_cm7\drivers/fsl_clock.h:2157:20:CLOCK_SetRootClock	16	static
C:\gui-guider-tutorial\evkmimxrt1170_lvgl_guider_cm7\drivers/fsl_clock.h:2178:20:CLOCK_ControlGate	16	static
C:\gui-guider-tutorial\evkmimxrt1170_lvgl_guider_cm7\drivers/fsl_clock.h:2197:20:CLOCK_EnableClock	16	static
C:\gui-guider-tutorial\evkmimxrt1170_lvgl_guider_cm7\drivers/fsl_clock.h:2240:24:CLOCK_GetRootClockFreq	32	static
C:\gui-guider-tutorial\evkmimxrt1170_lvgl_guider_cm7\drivers/fsl_common_arm.h:514:24:EnableIRQ	24	static
../board/display_support.c:241:13:BOARD_PullPanelResetPin	16	static
../board/display_support.c:253:13:BOARD_PullPanelPowerPin	16	static
../board/display_support.c:265:17:BOARD_DSI_Transfer	16	static
../board/display_support.c:270:13:BOARD_InitLcdifClock	16	static
../board/display_support.c:301:13:BOARD_InitMipiDsiClock	32	static
../board/display_support.c:338:17:BOARD_InitLcdPanel	48	static
../board/display_support.c:380:13:BOARD_SetMipiDsiConfig	88	static
../board/display_support.c:439:10:BOARD_InitDisplayInterface	8	static
../board/display_support.c:478:6:LCDIFv2_IRQHandler	8	static
../board/display_support.c:489:10:BOARD_VerifyDisplayClockSource	16	static
../board/display_support.c:513:10:BOARD_PrepareDisplayController	16	static
