C:\gui-guider-tutorial\evkmimxrt1170_lvgl_guider_cm7\drivers/fsl_clock.h:2178:20:CLOCK_ControlGate	16	static
C:\gui-guider-tutorial\evkmimxrt1170_lvgl_guider_cm7\drivers/fsl_clock.h:2197:20:CLOCK_EnableClock	16	static
C:\gui-guider-tutorial\evkmimxrt1170_lvgl_guider_cm7\drivers/fsl_iomuxc.h:1633:20:IOMUXC_SetPinMux	24	static
C:\gui-guider-tutorial\evkmimxrt1170_lvgl_guider_cm7\drivers/fsl_iomuxc.h:1665:20:IOMUXC_SetPinConfig	24	static
../board/pin_mux.c:33:6:BOARD_InitBootPins	8	static
../board/pin_mux.c:55:6:BOARD_InitLpuartPins	16	static
../board/pin_mux.c:110:6:BOARD_InitMipiPanelPins	16	static
