C:\gui-guider-tutorial\evkmimxrt1170_lvgl_guider_cm7\CMSIS/core_cm7.h:1911:22:__NVIC_EnableIRQ	16	static
C:\gui-guider-tutorial\evkmimxrt1170_lvgl_guider_cm7\CMSIS/core_cm7.h:2041:22:__NVIC_SetPriority	16	static
C:\gui-guider-tutorial\evkmimxrt1170_lvgl_guider_cm7\drivers/fsl_clock.h:2071:24:CLOCK_GetRootClockMux	16	static
C:\gui-guider-tutorial\evkmimxrt1170_lvgl_guider_cm7\drivers/fsl_clock.h:2112:24:CLOCK_GetRootClockDiv	16	static
C:\gui-guider-tutorial\evkmimxrt1170_lvgl_guider_cm7\drivers/fsl_clock.h:2157:20:CLOCK_SetRootClock	16	static
C:\gui-guider-tutorial\evkmimxrt1170_lvgl_guider_cm7\drivers/fsl_clock.h:2178:20:CLOCK_ControlGate	16	static
C:\gui-guider-tutorial\evkmimxrt1170_lvgl_guider_cm7\drivers/fsl_clock.h:2197:20:CLOCK_EnableClock	16	static
C:\gui-guider-tutorial\evkmimxrt1170_lvgl_guider_cm7\drivers/fsl_clock.h:2240:24:CLOCK_GetRootClockFreq	32	static
C:\gui-guider-tutorial\evkmimxrt1170_lvgl_guider_cm7\drivers/fsl_common_arm.h:514:24:EnableIRQ	24	static
../board/vglite_support.c:49:6:GPU2D_IRQHandler	8	static
../board/vglite_support.c:54:17:BOARD_InitVGliteClock	16	static
../board/vglite_support.c:75:10:BOARD_PrepareVGLiteController	16	static
