C:\gui-guider-tutorial\evkmimxrt1170_lvgl_guider_cm7\CMSIS/core_cm7.h:1911:22:__NVIC_EnableIRQ	16	static
../drivers/fsl_clock.h:2178:20:CLOCK_ControlGate	16	static
../drivers/fsl_clock.h:2197:20:CLOCK_EnableClock	16	static
../drivers/fsl_clock.h:2207:20:CLOCK_DisableClock	16	static
../drivers/fsl_common_arm.h:514:24:EnableIRQ	24	static
../drivers/fsl_mipi_dsi.h:505:20:DSI_EnableInterrupts	24	static
../drivers/fsl_mipi_dsi.h:520:20:DSI_DisableInterrupts	24	static
../drivers/fsl_mipi_dsi.h:533:20:DSI_GetAndClearInterruptStatus	24	static
../drivers/fsl_mipi_dsi.h:619:20:DSI_SendApbPacket	16	static
../drivers/fsl_mipi_dsi.h:692:24:DSI_GetRxPacketHeader	16	static
../drivers/fsl_mipi_dsi.h:705:34:DSI_GetRxPacketType	16	static
../drivers/fsl_mipi_dsi.h:719:24:DSI_GetRxPacketWordCount	16	static
../drivers/fsl_mipi_dsi.c:207:17:DSI_NsToByteClk	16	static
../drivers/fsl_mipi_dsi.c:222:17:DSI_NsUiToByteClk	24	static
../drivers/fsl_mipi_dsi.c:231:17:DSI_GetInstance	24	static
../drivers/fsl_mipi_dsi.c:250:16:DSI_EncodeDphyPllCn	24	static
../drivers/fsl_mipi_dsi.c:268:16:DSI_EncodeDphyPllCm	24	static
../drivers/fsl_mipi_dsi.c:294:17:DSI_DphyGetPllDivider	64	static
../drivers/fsl_mipi_dsi.c:397:13:DSI_ApbClearRxFifo	24	static
../drivers/fsl_mipi_dsi.c:419:6:DSI_Init	24	static
../drivers/fsl_mipi_dsi.c:482:6:DSI_Deinit	16	static
../drivers/fsl_mipi_dsi.c:506:6:DSI_GetDefaultConfig	16	static
../drivers/fsl_mipi_dsi.c:536:6:DSI_SetDpiConfig	32	static
../drivers/fsl_mipi_dsi.c:619:10:DSI_InitDphy	56	static
../drivers/fsl_mipi_dsi.c:700:6:DSI_DeinitDphy	16	static
../drivers/fsl_mipi_dsi.c:722:6:DSI_GetDphyDefaultConfig	32	static
../drivers/fsl_mipi_dsi.c:825:6:DSI_SetApbPacketControl	24	static
../drivers/fsl_mipi_dsi.c:856:6:DSI_WriteApbTxPayload	32	static
../drivers/fsl_mipi_dsi.c:861:6:DSI_WriteApbTxPayloadExt	40	static
../drivers/fsl_mipi_dsi.c:933:17:DSI_PrepareApbTransfer	48	static
../drivers/fsl_mipi_dsi.c:1026:6:DSI_ReadApbRxPayload	40	static
../drivers/fsl_mipi_dsi.c:1072:10:DSI_TransferBlocking	40	static
../drivers/fsl_mipi_dsi.c:1133:17:DSI_HandleResult	40	static
../drivers/fsl_mipi_dsi.c:1248:10:DSI_TransferCreateHandle	32	static
../drivers/fsl_mipi_dsi.c:1290:10:DSI_TransferNonBlocking	40	static
../drivers/fsl_mipi_dsi.c:1341:6:DSI_TransferAbort	16	static
../drivers/fsl_mipi_dsi.c:1370:6:DSI_TransferHandleIRQ	48	static
../drivers/fsl_mipi_dsi.c:1426:6:MIPI_DSI_DriverIRQHandler	8	static
